// Jest Snapshot v1, https://goo.gl/fbAQLP

exports[`Form Register Should match with snapshot 1`] = `
{
  "asFragment": [Function],
  "baseElement": <body>
    <div>
      <div
        class="formContainer"
        data-testid="formContainer"
      >
        <h3>
          Daftar
        </h3>
        <div
          class="form"
        >
          <form
            action=""
            class="formRegister"
            data-testid="formRegister"
          >
            <div
              class="picture"
            >
              <div
                class="MuiAvatar-root MuiAvatar-circular MuiAvatar-colorDefault img css-2s90m6-MuiAvatar-root"
              >
                <svg
                  aria-hidden="true"
                  class="MuiSvgIcon-root MuiSvgIcon-fontSizeMedium MuiAvatar-fallback css-10mi8st-MuiSvgIcon-root-MuiAvatar-fallback"
                  data-testid="PersonIcon"
                  focusable="false"
                  viewBox="0 0 24 24"
                >
                  <path
                    d="M12 12c2.21 0 4-1.79 4-4s-1.79-4-4-4-4 1.79-4 4 1.79 4 4 4zm0 2c-2.67 0-8 1.34-8 4v2h16v-2c0-2.66-5.33-4-8-4z"
                  />
                </svg>
              </div>
              <label
                class="customFileButton"
                for="image"
              >
                <button>
                  Ganti
                </button>
                <input
                  class="fileInput"
                  id="image"
                  name="imageUrl"
                  type="file"
                />
              </label>
            </div>
            <div
              class="inputItem"
            >
              <label
                for="username"
              >
                Nama panggilan
                 :
              </label>
              <input
                data-testid="username"
                id="username"
                name="username"
                type="text"
                value=""
              />
            </div>
            <div
              class="inputItem"
            >
              <label
                for="email"
              >
                Email :
              </label>
              <input
                data-testid="email"
                id="email"
                name="email"
                type="email"
                value=""
              />
            </div>
            <div
              class="inputItem"
            >
              <label
                for="password"
              >
                Password :
              </label>
              <input
                data-testid="password"
                id="password"
                name="password"
                type="password"
                value=""
              />
            </div>
            <button
              type="submit"
            >
              Daftar
            </button>
          </form>
        </div>
        <p>
          Sudah punya akun?
           click 
          <span
            data-testid="toLogin"
          >
            Disini
          </span>
        </p>
      </div>
    </div>
  </body>,
  "container": <div>
    <div
      class="formContainer"
      data-testid="formContainer"
    >
      <h3>
        Daftar
      </h3>
      <div
        class="form"
      >
        <form
          action=""
          class="formRegister"
          data-testid="formRegister"
        >
          <div
            class="picture"
          >
            <div
              class="MuiAvatar-root MuiAvatar-circular MuiAvatar-colorDefault img css-2s90m6-MuiAvatar-root"
            >
              <svg
                aria-hidden="true"
                class="MuiSvgIcon-root MuiSvgIcon-fontSizeMedium MuiAvatar-fallback css-10mi8st-MuiSvgIcon-root-MuiAvatar-fallback"
                data-testid="PersonIcon"
                focusable="false"
                viewBox="0 0 24 24"
              >
                <path
                  d="M12 12c2.21 0 4-1.79 4-4s-1.79-4-4-4-4 1.79-4 4 1.79 4 4 4zm0 2c-2.67 0-8 1.34-8 4v2h16v-2c0-2.66-5.33-4-8-4z"
                />
              </svg>
            </div>
            <label
              class="customFileButton"
              for="image"
            >
              <button>
                Ganti
              </button>
              <input
                class="fileInput"
                id="image"
                name="imageUrl"
                type="file"
              />
            </label>
          </div>
          <div
            class="inputItem"
          >
            <label
              for="username"
            >
              Nama panggilan
               :
            </label>
            <input
              data-testid="username"
              id="username"
              name="username"
              type="text"
              value=""
            />
          </div>
          <div
            class="inputItem"
          >
            <label
              for="email"
            >
              Email :
            </label>
            <input
              data-testid="email"
              id="email"
              name="email"
              type="email"
              value=""
            />
          </div>
          <div
            class="inputItem"
          >
            <label
              for="password"
            >
              Password :
            </label>
            <input
              data-testid="password"
              id="password"
              name="password"
              type="password"
              value=""
            />
          </div>
          <button
            type="submit"
          >
            Daftar
          </button>
        </form>
      </div>
      <p>
        Sudah punya akun?
         click 
        <span
          data-testid="toLogin"
        >
          Disini
        </span>
      </p>
    </div>
  </div>,
  "debug": [Function],
  "findAllByAltText": [Function],
  "findAllByDisplayValue": [Function],
  "findAllByLabelText": [Function],
  "findAllByPlaceholderText": [Function],
  "findAllByRole": [Function],
  "findAllByTestId": [Function],
  "findAllByText": [Function],
  "findAllByTitle": [Function],
  "findByAltText": [Function],
  "findByDisplayValue": [Function],
  "findByLabelText": [Function],
  "findByPlaceholderText": [Function],
  "findByRole": [Function],
  "findByTestId": [Function],
  "findByText": [Function],
  "findByTitle": [Function],
  "getAllByAltText": [Function],
  "getAllByDisplayValue": [Function],
  "getAllByLabelText": [Function],
  "getAllByPlaceholderText": [Function],
  "getAllByRole": [Function],
  "getAllByTestId": [Function],
  "getAllByText": [Function],
  "getAllByTitle": [Function],
  "getByAltText": [Function],
  "getByDisplayValue": [Function],
  "getByLabelText": [Function],
  "getByPlaceholderText": [Function],
  "getByRole": [Function],
  "getByTestId": [Function],
  "getByText": [Function],
  "getByTitle": [Function],
  "queryAllByAltText": [Function],
  "queryAllByDisplayValue": [Function],
  "queryAllByLabelText": [Function],
  "queryAllByPlaceholderText": [Function],
  "queryAllByRole": [Function],
  "queryAllByTestId": [Function],
  "queryAllByText": [Function],
  "queryAllByTitle": [Function],
  "queryByAltText": [Function],
  "queryByDisplayValue": [Function],
  "queryByLabelText": [Function],
  "queryByPlaceholderText": [Function],
  "queryByRole": [Function],
  "queryByTestId": [Function],
  "queryByText": [Function],
  "queryByTitle": [Function],
  "rerender": [Function],
  "unmount": [Function],
}
`;
