// Jest Snapshot v1, https://goo.gl/fbAQLP

exports[`page change password Should match with snapshot 1`] = `
{
  "asFragment": [Function],
  "baseElement": <body>
    <div>
      <div
        class="container"
        data-testid="ChangePasswordContainer"
      >
        <div
          class="wrapper"
        >
          <div
            class="title"
            data-testid="ChangePasswordTitle"
          >
            Ganti Password
          </div>
          <form>
            <div
              class="inputItem"
              data-testid="ChangePasswordInput"
            >
              <label
                for="oldPassword"
              >
                Password lama
                 :
              </label>
              <input
                data-testid="oldPassword"
                id="oldPassword"
                name="oldPassword"
                type="password"
                value=""
              />
            </div>
            <div
              class="inputItem"
            >
              <label
                for="newPassword"
              >
                Password baru
                 :
              </label>
              <input
                data-testid="newPassword"
                id="newPassword"
                name="newPassword"
                type="password"
                value=""
              />
            </div>
            <button
              class="buttonLogin"
              type="submit"
            >
              Simpan
            </button>
          </form>
        </div>
      </div>
    </div>
  </body>,
  "container": <div>
    <div
      class="container"
      data-testid="ChangePasswordContainer"
    >
      <div
        class="wrapper"
      >
        <div
          class="title"
          data-testid="ChangePasswordTitle"
        >
          Ganti Password
        </div>
        <form>
          <div
            class="inputItem"
            data-testid="ChangePasswordInput"
          >
            <label
              for="oldPassword"
            >
              Password lama
               :
            </label>
            <input
              data-testid="oldPassword"
              id="oldPassword"
              name="oldPassword"
              type="password"
              value=""
            />
          </div>
          <div
            class="inputItem"
          >
            <label
              for="newPassword"
            >
              Password baru
               :
            </label>
            <input
              data-testid="newPassword"
              id="newPassword"
              name="newPassword"
              type="password"
              value=""
            />
          </div>
          <button
            class="buttonLogin"
            type="submit"
          >
            Simpan
          </button>
        </form>
      </div>
    </div>
  </div>,
  "debug": [Function],
  "findAllByAltText": [Function],
  "findAllByDisplayValue": [Function],
  "findAllByLabelText": [Function],
  "findAllByPlaceholderText": [Function],
  "findAllByRole": [Function],
  "findAllByTestId": [Function],
  "findAllByText": [Function],
  "findAllByTitle": [Function],
  "findByAltText": [Function],
  "findByDisplayValue": [Function],
  "findByLabelText": [Function],
  "findByPlaceholderText": [Function],
  "findByRole": [Function],
  "findByTestId": [Function],
  "findByText": [Function],
  "findByTitle": [Function],
  "getAllByAltText": [Function],
  "getAllByDisplayValue": [Function],
  "getAllByLabelText": [Function],
  "getAllByPlaceholderText": [Function],
  "getAllByRole": [Function],
  "getAllByTestId": [Function],
  "getAllByText": [Function],
  "getAllByTitle": [Function],
  "getByAltText": [Function],
  "getByDisplayValue": [Function],
  "getByLabelText": [Function],
  "getByPlaceholderText": [Function],
  "getByRole": [Function],
  "getByTestId": [Function],
  "getByText": [Function],
  "getByTitle": [Function],
  "queryAllByAltText": [Function],
  "queryAllByDisplayValue": [Function],
  "queryAllByLabelText": [Function],
  "queryAllByPlaceholderText": [Function],
  "queryAllByRole": [Function],
  "queryAllByTestId": [Function],
  "queryAllByText": [Function],
  "queryAllByTitle": [Function],
  "queryByAltText": [Function],
  "queryByDisplayValue": [Function],
  "queryByLabelText": [Function],
  "queryByPlaceholderText": [Function],
  "queryByRole": [Function],
  "queryByTestId": [Function],
  "queryByText": [Function],
  "queryByTitle": [Function],
  "rerender": [Function],
  "unmount": [Function],
}
`;
