// Jest Snapshot v1, https://goo.gl/fbAQLP

exports[`Navbar Component Should match with snapshot 1`] = `
{
  "asFragment": [Function],
  "baseElement": <body>
    <div>
      <div
        class="headerWrapper"
        data-testid="navbar"
      >
        <div
          class="contentWrapper"
        >
          <div
            class="logoImage"
          >
            <img
              alt="logo"
              class="logo"
              src="/rocket.svg"
            />
            <div
              class="title"
            >
              Title
            </div>
          </div>
          <div
            class="toolbar"
          >
            <div
              class="profile"
            >
              <div
                class="MuiAvatar-root MuiAvatar-circular MuiAvatar-colorDefault img css-2s90m6-MuiAvatar-root"
              >
                <svg
                  aria-hidden="true"
                  class="MuiSvgIcon-root MuiSvgIcon-fontSizeMedium MuiAvatar-fallback css-10mi8st-MuiSvgIcon-root-MuiAvatar-fallback"
                  data-testid="PersonIcon"
                  focusable="false"
                  viewBox="0 0 24 24"
                >
                  <path
                    d="M12 12c2.21 0 4-1.79 4-4s-1.79-4-4-4-4 1.79-4 4 1.79 4 4 4zm0 2c-2.67 0-8 1.34-8 4v2h16v-2c0-2.66-5.33-4-8-4z"
                  />
                </svg>
              </div>
            </div>
            <div
              class="toggle"
            >
              <div
                class="MuiAvatar-root MuiAvatar-circular avatar css-1wlk0hk-MuiAvatar-root"
              >
                <img
                  class="MuiAvatar-img css-1pqm26d-MuiAvatar-img"
                  src="/en.png"
                />
              </div>
              <div
                class="lang"
              >
                en
              </div>
              <svg
                aria-hidden="true"
                class="MuiSvgIcon-root MuiSvgIcon-fontSizeMedium css-i4bv87-MuiSvgIcon-root"
                data-testid="ExpandMoreIcon"
                focusable="false"
                viewBox="0 0 24 24"
              >
                <path
                  d="M16.59 8.59 12 13.17 7.41 8.59 6 10l6 6 6-6z"
                />
              </svg>
            </div>
          </div>
        </div>
      </div>
    </div>
  </body>,
  "container": <div>
    <div
      class="headerWrapper"
      data-testid="navbar"
    >
      <div
        class="contentWrapper"
      >
        <div
          class="logoImage"
        >
          <img
            alt="logo"
            class="logo"
            src="/rocket.svg"
          />
          <div
            class="title"
          >
            Title
          </div>
        </div>
        <div
          class="toolbar"
        >
          <div
            class="profile"
          >
            <div
              class="MuiAvatar-root MuiAvatar-circular MuiAvatar-colorDefault img css-2s90m6-MuiAvatar-root"
            >
              <svg
                aria-hidden="true"
                class="MuiSvgIcon-root MuiSvgIcon-fontSizeMedium MuiAvatar-fallback css-10mi8st-MuiSvgIcon-root-MuiAvatar-fallback"
                data-testid="PersonIcon"
                focusable="false"
                viewBox="0 0 24 24"
              >
                <path
                  d="M12 12c2.21 0 4-1.79 4-4s-1.79-4-4-4-4 1.79-4 4 1.79 4 4 4zm0 2c-2.67 0-8 1.34-8 4v2h16v-2c0-2.66-5.33-4-8-4z"
                />
              </svg>
            </div>
          </div>
          <div
            class="toggle"
          >
            <div
              class="MuiAvatar-root MuiAvatar-circular avatar css-1wlk0hk-MuiAvatar-root"
            >
              <img
                class="MuiAvatar-img css-1pqm26d-MuiAvatar-img"
                src="/en.png"
              />
            </div>
            <div
              class="lang"
            >
              en
            </div>
            <svg
              aria-hidden="true"
              class="MuiSvgIcon-root MuiSvgIcon-fontSizeMedium css-i4bv87-MuiSvgIcon-root"
              data-testid="ExpandMoreIcon"
              focusable="false"
              viewBox="0 0 24 24"
            >
              <path
                d="M16.59 8.59 12 13.17 7.41 8.59 6 10l6 6 6-6z"
              />
            </svg>
          </div>
        </div>
      </div>
    </div>
  </div>,
  "debug": [Function],
  "findAllByAltText": [Function],
  "findAllByDisplayValue": [Function],
  "findAllByLabelText": [Function],
  "findAllByPlaceholderText": [Function],
  "findAllByRole": [Function],
  "findAllByTestId": [Function],
  "findAllByText": [Function],
  "findAllByTitle": [Function],
  "findByAltText": [Function],
  "findByDisplayValue": [Function],
  "findByLabelText": [Function],
  "findByPlaceholderText": [Function],
  "findByRole": [Function],
  "findByTestId": [Function],
  "findByText": [Function],
  "findByTitle": [Function],
  "getAllByAltText": [Function],
  "getAllByDisplayValue": [Function],
  "getAllByLabelText": [Function],
  "getAllByPlaceholderText": [Function],
  "getAllByRole": [Function],
  "getAllByTestId": [Function],
  "getAllByText": [Function],
  "getAllByTitle": [Function],
  "getByAltText": [Function],
  "getByDisplayValue": [Function],
  "getByLabelText": [Function],
  "getByPlaceholderText": [Function],
  "getByRole": [Function],
  "getByTestId": [Function],
  "getByText": [Function],
  "getByTitle": [Function],
  "queryAllByAltText": [Function],
  "queryAllByDisplayValue": [Function],
  "queryAllByLabelText": [Function],
  "queryAllByPlaceholderText": [Function],
  "queryAllByRole": [Function],
  "queryAllByTestId": [Function],
  "queryAllByText": [Function],
  "queryAllByTitle": [Function],
  "queryByAltText": [Function],
  "queryByDisplayValue": [Function],
  "queryByLabelText": [Function],
  "queryByPlaceholderText": [Function],
  "queryByRole": [Function],
  "queryByTestId": [Function],
  "queryByText": [Function],
  "queryByTitle": [Function],
  "rerender": [Function],
  "unmount": [Function],
}
`;
