// Jest Snapshot v1, https://goo.gl/fbAQLP

exports[`Form login Should match with snapshot 1`] = `
{
  "asFragment": [Function],
  "baseElement": <body>
    <div>
      <div
        class="formContainer"
        data-testid="formContainer"
      >
        <h3>
          Masuk
        </h3>
        <div
          class="form"
        >
          <form
            action=""
            class="formLogin"
            data-testid="formLogin"
          >
            <label
              for=""
            >
              Email :
            </label>
            <input
              data-testid="email"
              type="email"
              value=""
            />
            <label
              for=""
            >
              Password :
            </label>
            <input
              data-testid="password"
              type="password"
              value=""
            />
            <button
              type="submit"
            >
              Masuk
            </button>
          </form>
          <button
            class="googleButton"
            data-testid="google"
          >
            <svg
              aria-hidden="true"
              class="MuiSvgIcon-root MuiSvgIcon-fontSizeMedium css-i4bv87-MuiSvgIcon-root"
              data-testid="GoogleIcon"
              focusable="false"
              viewBox="0 0 24 24"
            >
              <path
                d="M12.545,10.239v3.821h5.445c-0.712,2.315-2.647,3.972-5.445,3.972c-3.332,0-6.033-2.701-6.033-6.032s2.701-6.032,6.033-6.032c1.498,0,2.866,0.549,3.921,1.453l2.814-2.814C17.503,2.988,15.139,2,12.545,2C7.021,2,2.543,6.477,2.543,12s4.478,10,10.002,10c8.396,0,10.249-7.85,9.426-11.748L12.545,10.239z"
              />
            </svg>
            Log in dengan Google
          </button>
        </div>
        <p>
          Belum punya akun? 
          click 
          <span
            data-testid="toRegister"
          >
            Disini
          </span>
        </p>
      </div>
    </div>
  </body>,
  "container": <div>
    <div
      class="formContainer"
      data-testid="formContainer"
    >
      <h3>
        Masuk
      </h3>
      <div
        class="form"
      >
        <form
          action=""
          class="formLogin"
          data-testid="formLogin"
        >
          <label
            for=""
          >
            Email :
          </label>
          <input
            data-testid="email"
            type="email"
            value=""
          />
          <label
            for=""
          >
            Password :
          </label>
          <input
            data-testid="password"
            type="password"
            value=""
          />
          <button
            type="submit"
          >
            Masuk
          </button>
        </form>
        <button
          class="googleButton"
          data-testid="google"
        >
          <svg
            aria-hidden="true"
            class="MuiSvgIcon-root MuiSvgIcon-fontSizeMedium css-i4bv87-MuiSvgIcon-root"
            data-testid="GoogleIcon"
            focusable="false"
            viewBox="0 0 24 24"
          >
            <path
              d="M12.545,10.239v3.821h5.445c-0.712,2.315-2.647,3.972-5.445,3.972c-3.332,0-6.033-2.701-6.033-6.032s2.701-6.032,6.033-6.032c1.498,0,2.866,0.549,3.921,1.453l2.814-2.814C17.503,2.988,15.139,2,12.545,2C7.021,2,2.543,6.477,2.543,12s4.478,10,10.002,10c8.396,0,10.249-7.85,9.426-11.748L12.545,10.239z"
            />
          </svg>
          Log in dengan Google
        </button>
      </div>
      <p>
        Belum punya akun? 
        click 
        <span
          data-testid="toRegister"
        >
          Disini
        </span>
      </p>
    </div>
  </div>,
  "debug": [Function],
  "findAllByAltText": [Function],
  "findAllByDisplayValue": [Function],
  "findAllByLabelText": [Function],
  "findAllByPlaceholderText": [Function],
  "findAllByRole": [Function],
  "findAllByTestId": [Function],
  "findAllByText": [Function],
  "findAllByTitle": [Function],
  "findByAltText": [Function],
  "findByDisplayValue": [Function],
  "findByLabelText": [Function],
  "findByPlaceholderText": [Function],
  "findByRole": [Function],
  "findByTestId": [Function],
  "findByText": [Function],
  "findByTitle": [Function],
  "getAllByAltText": [Function],
  "getAllByDisplayValue": [Function],
  "getAllByLabelText": [Function],
  "getAllByPlaceholderText": [Function],
  "getAllByRole": [Function],
  "getAllByTestId": [Function],
  "getAllByText": [Function],
  "getAllByTitle": [Function],
  "getByAltText": [Function],
  "getByDisplayValue": [Function],
  "getByLabelText": [Function],
  "getByPlaceholderText": [Function],
  "getByRole": [Function],
  "getByTestId": [Function],
  "getByText": [Function],
  "getByTitle": [Function],
  "queryAllByAltText": [Function],
  "queryAllByDisplayValue": [Function],
  "queryAllByLabelText": [Function],
  "queryAllByPlaceholderText": [Function],
  "queryAllByRole": [Function],
  "queryAllByTestId": [Function],
  "queryAllByText": [Function],
  "queryAllByTitle": [Function],
  "queryByAltText": [Function],
  "queryByDisplayValue": [Function],
  "queryByLabelText": [Function],
  "queryByPlaceholderText": [Function],
  "queryByRole": [Function],
  "queryByTestId": [Function],
  "queryByText": [Function],
  "queryByTitle": [Function],
  "rerender": [Function],
  "unmount": [Function],
}
`;
